<html>
<body>
<pre>
<h1>µVision Build Log</h1>
<h2>Project:</h2>
C:\Users\kubag\OneDrive\Pulpit\PPSW\LAB\Current\Grzybek_4_2.uvproj
Project File Date:  03/10/2026

<h2>Output:</h2>
Clean started: Project: 'Grzybek_4_2'
   deleting intermediate output files for target 'Target 1'
Rebuild target 'Target 1'
assembling Startup.s...
compiling main.c...
main.c(22): warning:  #111-D: statement is unreachable
linking...
Program Size: Code=784 RO-data=16 RW-data=0 ZI-data=1256  
FromELF: creating hex file...
".\Grzybek_4_2.axf" - 0 Errors, 1 Warning(s).
Rebuild target 'Target 1'
assembling Startup.s...
compiling main.c...
main.c(22): warning:  #111-D: statement is unreachable
linking...
Program Size: Code=784 RO-data=16 RW-data=0 ZI-data=1256  
FromELF: creating hex file...
".\Grzybek_4_2.axf" - 0 Errors, 1 Warning(s).
Rebuild target 'Target 1'
assembling Startup.s...
compiling main.c...
main.c(24): warning:  #111-D: statement is unreachable
linking...
Program Size: Code=784 RO-data=16 RW-data=0 ZI-data=1256  
FromELF: creating hex file...
".\Grzybek_4_2.axf" - 0 Errors, 1 Warning(s).
Rebuild target 'Target 1'
assembling Startup.s...
compiling main.c...
main.c(25): warning:  #111-D: statement is unreachable
linking...
Program Size: Code=788 RO-data=16 RW-data=0 ZI-data=1256  
FromELF: creating hex file...
".\Grzybek_4_2.axf" - 0 Errors, 1 Warning(s).
Rebuild target 'Target 1'
assembling Startup.s...
compiling main.c...
main.c(25): warning:  #111-D: statement is unreachable
linking...
Program Size: Code=788 RO-data=16 RW-data=0 ZI-data=1256  
FromELF: creating hex file...
".\Grzybek_4_2.axf" - 0 Errors, 1 Warning(s).
Rebuild target 'Target 1'
assembling Startup.s...
compiling main.c...
main.c(25): warning:  #111-D: statement is unreachable
linking...
Program Size: Code=784 RO-data=16 RW-data=0 ZI-data=1256  
FromELF: creating hex file...
".\Grzybek_4_2.axf" - 0 Errors, 1 Warning(s).
Rebuild target 'Target 1'
assembling Startup.s...
compiling main.c...
main.c(25): warning:  #111-D: statement is unreachable
linking...
Program Size: Code=784 RO-data=16 RW-data=0 ZI-data=1256  
FromELF: creating hex file...
".\Grzybek_4_2.axf" - 0 Errors, 1 Warning(s).
Rebuild target 'Target 1'
assembling Startup.s...
compiling main.c...
main.c(16): warning:  #951-D: return type of function "main" must be "int"
main.c(23): error:  #109: expression must have (pointer-to-) function type
main.c(24): error:  #109: expression must have (pointer-to-) function type
main.c(25): error:  #109: expression must have (pointer-to-) function type
main.c(28): error:  #65: expected a ";"
".\Grzybek_4_2.axf" - 4 Errors, 1 Warning(s).
Target not created
Rebuild target 'Target 1'
assembling Startup.s...
compiling main.c...
main.c(23): error:  #109: expression must have (pointer-to-) function type
main.c(24): error:  #109: expression must have (pointer-to-) function type
main.c(25): error:  #109: expression must have (pointer-to-) function type
main.c(28): error:  #65: expected a ";"
".\Grzybek_4_2.axf" - 4 Errors, 0 Warning(s).
Target not created
Rebuild target 'Target 1'
assembling Startup.s...
compiling main.c...
main.c(30): warning:  #111-D: statement is unreachable
linking...
Program Size: Code=800 RO-data=16 RW-data=0 ZI-data=1256  
FromELF: creating hex file...
".\Grzybek_4_2.axf" - 0 Errors, 1 Warning(s).
Rebuild target 'Target 1'
assembling Startup.s...
compiling main.c...
main.c(27): warning:  #111-D: statement is unreachable
linking...
Program Size: Code=776 RO-data=16 RW-data=0 ZI-data=1256  
FromELF: creating hex file...
".\Grzybek_4_2.axf" - 0 Errors, 1 Warning(s).
Rebuild target 'Target 1'
assembling Startup.s...
compiling main.c...
main.c(18): warning:  #69-D: integer conversion resulted in truncation
main.c(18): warning:  #69-D: integer conversion resulted in truncation
main.c(18): warning:  #69-D: integer conversion resulted in truncation
main.c(18): warning:  #69-D: integer conversion resulted in truncation
main.c(31): warning:  #111-D: statement is unreachable
linking...
Program Size: Code=812 RO-data=16 RW-data=0 ZI-data=1256  
FromELF: creating hex file...
".\Grzybek_4_2.axf" - 0 Errors, 5 Warning(s).
Rebuild target 'Target 1'
assembling Startup.s...
compiling main.c...
main.c(18): warning:  #69-D: integer conversion resulted in truncation
main.c(18): warning:  #69-D: integer conversion resulted in truncation
main.c(18): warning:  #69-D: integer conversion resulted in truncation
main.c(18): warning:  #69-D: integer conversion resulted in truncation
main.c(31): warning:  #111-D: statement is unreachable
linking...
Program Size: Code=812 RO-data=16 RW-data=0 ZI-data=1256  
FromELF: creating hex file...
".\Grzybek_4_2.axf" - 0 Errors, 5 Warning(s).
Rebuild target 'Target 1'
assembling Startup.s...
compiling main.c...
main.c(31): warning:  #111-D: statement is unreachable
linking...
Program Size: Code=820 RO-data=32 RW-data=0 ZI-data=1256  
FromELF: creating hex file...
".\Grzybek_4_2.axf" - 0 Errors, 1 Warning(s).
Rebuild target 'Target 1'
assembling Startup.s...
compiling main.c...
main.c(31): warning:  #111-D: statement is unreachable
linking...
Program Size: Code=820 RO-data=32 RW-data=0 ZI-data=1256  
FromELF: creating hex file...
".\Grzybek_4_2.axf" - 0 Errors, 1 Warning(s).
Rebuild target 'Target 1'
assembling Startup.s...
compiling main.c...
main.c(28): error:  #65: expected a ";"
main.c(41): warning:  #111-D: statement is unreachable
".\Grzybek_4_2.axf" - 1 Errors, 1 Warning(s).
Target not created
Rebuild target 'Target 1'
assembling Startup.s...
compiling main.c...
main.c(41): warning:  #111-D: statement is unreachable
linking...
Program Size: Code=848 RO-data=28 RW-data=0 ZI-data=1256  
FromELF: creating hex file...
".\Grzybek_4_2.axf" - 0 Errors, 1 Warning(s).
Rebuild target 'Target 1'
assembling Startup.s...
compiling main.c...
main.c(39): warning:  #111-D: statement is unreachable
linking...
Program Size: Code=840 RO-data=28 RW-data=0 ZI-data=1256  
FromELF: creating hex file...
".\Grzybek_4_2.axf" - 0 Errors, 1 Warning(s).
Rebuild target 'Target 1'
assembling Startup.s...
compiling main.c...
main.c(39): warning:  #111-D: statement is unreachable
linking...
Program Size: Code=840 RO-data=32 RW-data=0 ZI-data=1256  
FromELF: creating hex file...
".\Grzybek_4_2.axf" - 0 Errors, 1 Warning(s).
Rebuild target 'Target 1'
assembling Startup.s...
compiling main.c...
main.c(43): warning:  #111-D: statement is unreachable
linking...
Program Size: Code=876 RO-data=32 RW-data=16 ZI-data=1256  
FromELF: creating hex file...
".\Grzybek_4_2.axf" - 0 Errors, 1 Warning(s).
Rebuild target 'Target 1'
assembling Startup.s...
compiling main.c...
main.c(43): warning:  #111-D: statement is unreachable
linking...
Program Size: Code=884 RO-data=32 RW-data=16 ZI-data=1256  
FromELF: creating hex file...
".\Grzybek_4_2.axf" - 0 Errors, 1 Warning(s).
Rebuild target 'Target 1'
assembling Startup.s...
compiling main.c...
main.c(43): warning:  #111-D: statement is unreachable
linking...
Program Size: Code=884 RO-data=32 RW-data=16 ZI-data=1256  
FromELF: creating hex file...
".\Grzybek_4_2.axf" - 0 Errors, 1 Warning(s).
Rebuild target 'Target 1'
assembling Startup.s...
compiling main.c...
main.c(32): error:  #20: identifier "bool" is undefined
main.c(34): error:  #20: identifier "bool" is undefined
main.c(50): warning:  #111-D: statement is unreachable
".\Grzybek_4_2.axf" - 2 Errors, 1 Warning(s).
Target not created
Rebuild target 'Target 1'
assembling Startup.s...
compiling main.c...
main.c(51): warning:  #111-D: statement is unreachable
linking...
Program Size: Code=892 RO-data=32 RW-data=16 ZI-data=1256  
FromELF: creating hex file...
".\Grzybek_4_2.axf" - 0 Errors, 1 Warning(s).
Rebuild target 'Target 1'
assembling Startup.s...
compiling main.c...
main.c(51): warning:  #111-D: statement is unreachable
linking...
Program Size: Code=892 RO-data=32 RW-data=16 ZI-data=1256  
FromELF: creating hex file...
".\Grzybek_4_2.axf" - 0 Errors, 1 Warning(s).
Rebuild target 'Target 1'
assembling Startup.s...
compiling main.c...
main.c(50): warning:  #111-D: statement is unreachable
linking...
Program Size: Code=892 RO-data=32 RW-data=16 ZI-data=1256  
FromELF: creating hex file...
".\Grzybek_4_2.axf" - 0 Errors, 1 Warning(s).
Rebuild target 'Target 1'
assembling Startup.s...
compiling main.c...
main.c(55): warning:  #111-D: statement is unreachable
linking...
Program Size: Code=908 RO-data=32 RW-data=16 ZI-data=1256  
FromELF: creating hex file...
".\Grzybek_4_2.axf" - 0 Errors, 1 Warning(s).
Rebuild target 'Target 1'
assembling Startup.s...
compiling main.c...
main.c(56): warning:  #111-D: statement is unreachable
linking...
Program Size: Code=908 RO-data=32 RW-data=16 ZI-data=1256  
FromELF: creating hex file...
".\Grzybek_4_2.axf" - 0 Errors, 1 Warning(s).
Rebuild target 'Target 1'
assembling Startup.s...
compiling main.c...
main.c(60): warning:  #111-D: statement is unreachable
linking...
Program Size: Code=920 RO-data=32 RW-data=16 ZI-data=1256  
FromELF: creating hex file...
".\Grzybek_4_2.axf" - 0 Errors, 1 Warning(s).
Rebuild target 'Target 1'
assembling Startup.s...
compiling main.c...
main.c(69): warning:  #111-D: statement is unreachable
linking...
Program Size: Code=944 RO-data=32 RW-data=16 ZI-data=1256  
FromELF: creating hex file...
".\Grzybek_4_2.axf" - 0 Errors, 1 Warning(s).
Rebuild target 'Target 1'
assembling Startup.s...
compiling main.c...
main.c(69): warning:  #111-D: statement is unreachable
linking...
Program Size: Code=948 RO-data=32 RW-data=16 ZI-data=1256  
FromELF: creating hex file...
".\Grzybek_4_2.axf" - 0 Errors, 1 Warning(s).
Rebuild target 'Target 1'
assembling Startup.s...
compiling main.c...
main.c(69): warning:  #111-D: statement is unreachable
linking...
Program Size: Code=948 RO-data=32 RW-data=16 ZI-data=1256  
FromELF: creating hex file...
".\Grzybek_4_2.axf" - 0 Errors, 1 Warning(s).
Rebuild target 'Target 1'
assembling Startup.s...
compiling main.c...
main.c(16): error:  #65: expected a ";"
main.c(51): error:  #20: identifier "RELEASED" is undefined
main.c(85): warning:  #111-D: statement is unreachable
".\Grzybek_4_2.axf" - 2 Errors, 1 Warning(s).
Target not created
Rebuild target 'Target 1'
assembling Startup.s...
compiling main.c...
main.c(16): error:  #65: expected a ";"
main.c(85): warning:  #111-D: statement is unreachable
".\Grzybek_4_2.axf" - 1 Errors, 1 Warning(s).
Target not created
Rebuild target 'Target 1'
assembling Startup.s...
compiling main.c...
main.c(85): warning:  #111-D: statement is unreachable
linking...
Program Size: Code=1104 RO-data=32 RW-data=16 ZI-data=1256  
FromELF: creating hex file...
".\Grzybek_4_2.axf" - 0 Errors, 1 Warning(s).
Rebuild target 'Target 1'
assembling Startup.s...
compiling main.c...
main.c(85): warning:  #111-D: statement is unreachable
linking...
Program Size: Code=1104 RO-data=32 RW-data=16 ZI-data=1256  
FromELF: creating hex file...
".\Grzybek_4_2.axf" - 0 Errors, 1 Warning(s).
Rebuild target 'Target 1'
assembling Startup.s...
compiling main.c...
main.c(85): warning:  #111-D: statement is unreachable
linking...
Program Size: Code=1104 RO-data=32 RW-data=16 ZI-data=1256  
FromELF: creating hex file...
".\Grzybek_4_2.axf" - 0 Errors, 1 Warning(s).
Rebuild target 'Target 1'
assembling Startup.s...
compiling main.c...
main.c(76): warning:  #111-D: statement is unreachable
linking...
Program Size: Code=1040 RO-data=32 RW-data=20 ZI-data=1260  
FromELF: creating hex file...
".\Grzybek_4_2.axf" - 0 Errors, 1 Warning(s).
Rebuild target 'Target 1'
assembling Startup.s...
compiling main.c...
main.c(76): warning:  #111-D: statement is unreachable
linking...
Program Size: Code=1040 RO-data=32 RW-data=20 ZI-data=1260  
FromELF: creating hex file...
".\Grzybek_4_2.axf" - 0 Errors, 1 Warning(s).
Rebuild target 'Target 1'
assembling Startup.s...
compiling main.c...
main.c(82): warning:  #111-D: statement is unreachable
linking...
Program Size: Code=1084 RO-data=32 RW-data=20 ZI-data=1260  
FromELF: creating hex file...
".\Grzybek_4_2.axf" - 0 Errors, 1 Warning(s).
Rebuild target 'Target 1'
assembling Startup.s...
compiling main.c...
main.c(82): warning:  #111-D: statement is unreachable
linking...
Program Size: Code=1084 RO-data=32 RW-data=20 ZI-data=1260  
FromELF: creating hex file...
".\Grzybek_4_2.axf" - 0 Errors, 1 Warning(s).
Rebuild target 'Target 1'
assembling Startup.s...
compiling main.c...
main.c(81): error:  #268: declaration may not appear after executable statement in block
main.c(84): warning:  #174-D: expression has no effect
main.c(89): warning:  #174-D: expression has no effect
main.c(95): warning:  #111-D: statement is unreachable
".\Grzybek_4_2.axf" - 1 Errors, 3 Warning(s).
Target not created
Rebuild target 'Target 1'
assembling Startup.s...
compiling main.c...
main.c(84): warning:  #174-D: expression has no effect
main.c(89): warning:  #174-D: expression has no effect
main.c(95): warning:  #111-D: statement is unreachable
linking...
Program Size: Code=1148 RO-data=32 RW-data=20 ZI-data=1260  
FromELF: creating hex file...
".\Grzybek_4_2.axf" - 0 Errors, 3 Warning(s).
Rebuild target 'Target 1'
assembling Startup.s...
compiling main.c...
main.c(95): warning:  #111-D: statement is unreachable
linking...
Program Size: Code=1156 RO-data=32 RW-data=20 ZI-data=1260  
FromELF: creating hex file...
".\Grzybek_4_2.axf" - 0 Errors, 1 Warning(s).
Rebuild target 'Target 1'
assembling Startup.s...
compiling main.c...
main.c(95): warning:  #111-D: statement is unreachable
linking...
Program Size: Code=1156 RO-data=32 RW-data=20 ZI-data=1260  
FromELF: creating hex file...
".\Grzybek_4_2.axf" - 0 Errors, 1 Warning(s).
Rebuild target 'Target 1'
assembling Startup.s...
compiling main.c...
main.c(94): warning:  #111-D: statement is unreachable
linking...
Program Size: Code=1156 RO-data=32 RW-data=20 ZI-data=1260  
FromELF: creating hex file...
".\Grzybek_4_2.axf" - 0 Errors, 1 Warning(s).
Rebuild target 'Target 1'
assembling Startup.s...
compiling main.c...
main.c(93): warning:  #111-D: statement is unreachable
linking...
Program Size: Code=1144 RO-data=32 RW-data=20 ZI-data=1260  
FromELF: creating hex file...
".\Grzybek_4_2.axf" - 0 Errors, 1 Warning(s).
Rebuild target 'Target 1'
assembling Startup.s...
compiling main.c...
main.c(95): warning:  #111-D: statement is unreachable
linking...
Program Size: Code=1160 RO-data=32 RW-data=20 ZI-data=1260  
FromELF: creating hex file...
".\Grzybek_4_2.axf" - 0 Errors, 1 Warning(s).
Rebuild target 'Target 1'
assembling Startup.s...
compiling main.c...
main.c(103): warning:  #111-D: statement is unreachable
linking...
Program Size: Code=1192 RO-data=32 RW-data=20 ZI-data=1260  
FromELF: creating hex file...
".\Grzybek_4_2.axf" - 0 Errors, 1 Warning(s).
Rebuild target 'Target 1'
assembling Startup.s...
compiling main.c...
main.c(103): warning:  #111-D: statement is unreachable
linking...
Program Size: Code=1192 RO-data=32 RW-data=20 ZI-data=1260  
FromELF: creating hex file...
".\Grzybek_4_2.axf" - 0 Errors, 1 Warning(s).
Clean started: Project: 'Grzybek_4_2'
   deleting intermediate output files for target 'Target 1'
