<html>
<body>
<pre>
<h1>µVision Build Log</h1>
<h2>Project:</h2>
C:\Users\kubag\OneDrive\Pulpit\PPSW\LAB\Current\Grzybek_4_2.uvproj
Project File Date:  03/10/2026

<h2>Output:</h2>
Rebuild target 'Target 1'
assembling Startup.s...
compiling main.c...
main.c(6): warning:  #1-D: last line of file ends without a newline
linking...
Program Size: Code=692 RO-data=16 RW-data=0 ZI-data=1256  
FromELF: creating hex file...
".\Grzybek_4_2.axf" - 0 Errors, 1 Warning(s).
Rebuild target 'Target 1'
assembling Startup.s...
compiling main.c...
linking...
Program Size: Code=692 RO-data=16 RW-data=0 ZI-data=1256  
FromELF: creating hex file...
".\Grzybek_4_2.axf" - 0 Errors, 0 Warning(s).
